---
http_interactions:
- request:
    method: put
    uri: https://my-deployment.elastic.co/_synonyms/synonyms_id
    body:
      encoding: UTF-8
      string: '{"synonyms_set":[{"synonyms":"house, home"}]}'
    headers:
      Authorization:
      - ApiKey my_api_key
      User-Agent:
      - 'elasticsearch-serverless-ruby/0.0.7.20231031.pre; elastic-transport-ruby/8.3.0;
        RUBY_VERSION: 3.2.2; linux x86_64'
      x-elastic-client-meta:
      - esv=0.0.7p,rb=3.2.2,t=8.3.0,fd=2.7.11,nh=0.3.2
      Content-Type:
      - application/json
  response:
    status:
      code: 201
      message: Created
    headers:
      content-length:
      - '117'
      content-type:
      - application/json
      elastic-api-version:
      - '2023-10-31'
      x-cloud-request-id:
      - tJN1ATiPTuuONhRuaXJFwg
      x-elastic-product:
      - Elasticsearch
      x-found-handling-cluster:
      - bcd7624ffc974dec9158ae9efbeeaa89.es
      x-found-handling-instance:
      - es-es-index-6448bf8dbf-wgkn9
      date:
      - Wed, 04 Oct 2023 14:59:33 GMT
    body:
      encoding: UTF-8
      string: '{"result":"created","reload_analyzers_details":{"_shards":{"total":4,"successful":4,"failed":0},"reload_details":[]}}'
  recorded_at: Wed, 04 Oct 2023 14:59:33 GMT
- request:
    method: get
    uri: https://my-deployment.elastic.co/_synonyms/synonyms_id
    body:
      encoding: US-ASCII
      string: ''
    headers:
      Authorization:
      - ApiKey my_api_key
      User-Agent:
      - 'elasticsearch-serverless-ruby/0.0.7.20231031.pre; elastic-transport-ruby/8.3.0;
        RUBY_VERSION: 3.2.2; linux x86_64'
      x-elastic-client-meta:
      - esv=0.0.7p,rb=3.2.2,t=8.3.0,fd=2.7.11,nh=0.3.2
      Content-Type:
      - application/json
  response:
    status:
      code: 200
      message: OK
    headers:
      content-length:
      - '83'
      content-type:
      - application/json
      elastic-api-version:
      - '2023-10-31'
      x-cloud-request-id:
      - fak8iLksT_6v373dOuLX5g
      x-elastic-product:
      - Elasticsearch
      x-found-handling-cluster:
      - bcd7624ffc974dec9158ae9efbeeaa89.es
      x-found-handling-instance:
      - es-es-search-864db867ff-gd9mm
      date:
      - Wed, 04 Oct 2023 14:59:33 GMT
    body:
      encoding: UTF-8
      string: '{"count":1,"synonyms_set":[{"id":"AFMz-4oBE8e1xszwic6r","synonyms":"house,
        home"}]}'
  recorded_at: Wed, 04 Oct 2023 14:59:33 GMT
- request:
    method: delete
    uri: https://my-deployment.elastic.co/_synonyms/synonyms_id
    body:
      encoding: US-ASCII
      string: ''
    headers:
      Authorization:
      - ApiKey my_api_key
      User-Agent:
      - 'elasticsearch-serverless-ruby/0.0.7.20231031.pre; elastic-transport-ruby/8.3.0;
        RUBY_VERSION: 3.2.2; linux x86_64'
      x-elastic-client-meta:
      - esv=0.0.7p,rb=3.2.2,t=8.3.0,fd=2.7.11,nh=0.3.2
      Content-Type:
      - application/json
  response:
    status:
      code: 200
      message: OK
    headers:
      content-length:
      - '21'
      content-type:
      - application/json
      elastic-api-version:
      - '2023-10-31'
      x-cloud-request-id:
      - OGCXbOS0S0mD7ftcGEM2nw
      x-elastic-product:
      - Elasticsearch
      x-found-handling-cluster:
      - bcd7624ffc974dec9158ae9efbeeaa89.es
      x-found-handling-instance:
      - es-es-index-6448bf8dbf-q6rbh
      date:
      - Wed, 04 Oct 2023 14:59:33 GMT
    body:
      encoding: UTF-8
      string: '{"acknowledged":true}'
  recorded_at: Wed, 04 Oct 2023 14:59:33 GMT
recorded_with: VCR 6.2.0
